// Jest Snapshot v1, https://goo.gl/fbAQLP

exports[`<Row /> renders basic props correctly 1`] = `
<View
  style={
    [
      {
        "flexDirection": "row",
        "flexWrap": "wrap",
      },
      false,
      {
        "marginHorizontal": -12,
      },
      undefined,
    ]
  }
/>
`;
