// Jest Snapshot v1, https://goo.gl/fbAQLP

exports[`<Col /> renders basic props correctly 1`] = `
<View
  style={
    [
      {
        "flex": 1,
        "paddingHorizontal": 12,
      },
      undefined,
    ]
  }
/>
`;
